[templates.hibootstrap.com/pento/default/index-3.html]
[templates.hibootstrap.com/pento/default/assets/css/bootstrap.min.css]
[templates.hibootstrap.com/pento/default/assets/css/boxicons.min.css]
[templates.hibootstrap.com/pento/default/assets/css/magnific-popup.css]
[templates.hibootstrap.com/pento/default/assets/css/owl.carousel.min.css]
[templates.hibootstrap.com/pento/default/assets/css/owl.theme.default.min.css]
[templates.hibootstrap.com/pento/default/assets/css/nice-select.css]
[templates.hibootstrap.com/pento/default/assets/css/style.css]
[backblue.gif]
[fade.gif]
[index.html]
[templates.hibootstrap.com/pento/default/assets/css/responsive.css]
[templates.hibootstrap.com/pento/default/assets/img/favicon.png]
[templates.hibootstrap.com/pento/default/index.html]
[templates.hibootstrap.com/pento/default/assets/img/logo.png]
[templates.hibootstrap.com/pento/default/assets/img/home-three/banner-shape2.png]
[templates.hibootstrap.com/pento/default/assets/img/home-three/banner-shape3.png]
[templates.hibootstrap.com/pento/default/assets/img/home-three/banner-icon.png]
[templates.hibootstrap.com/pento/default/assets/img/home-three/banner1.png]
[templates.hibootstrap.com/pento/default/assets/img/home-three/banner-shape1.png]
[templates.hibootstrap.com/pento/default/assets/img/home-three/about4.png]
[templates.hibootstrap.com/pento/default/assets/img/home-three/about1.jpg]
[templates.hibootstrap.com/pento/default/assets/img/home-three/about2.png]
[templates.hibootstrap.com/pento/default/assets/img/home-three/about3.png]
[templates.hibootstrap.com/pento/default/assets/img/home-two/among1.png]
[templates.hibootstrap.com/pento/default/assets/img/home-two/among2.png]
[templates.hibootstrap.com/pento/default/assets/img/home-two/among3.png]
[templates.hibootstrap.com/pento/default/assets/img/home-one/quote.jpg]
[templates.hibootstrap.com/pento/default/assets/img/home-three/process6.png]
[templates.hibootstrap.com/pento/default/assets/img/home-three/process7.png]
[templates.hibootstrap.com/pento/default/assets/img/home-three/process1.jpg]
[templates.hibootstrap.com/pento/default/assets/img/home-three/process2.png]
[templates.hibootstrap.com/pento/default/assets/img/home-three/process3.png]
[templates.hibootstrap.com/pento/default/assets/img/home-three/process4.png]
[templates.hibootstrap.com/pento/default/assets/img/home-three/team1.jpg]
[templates.hibootstrap.com/pento/default/assets/img/home-three/team2.jpg]
[templates.hibootstrap.com/pento/default/assets/img/home-three/team3.jpg]
[templates.hibootstrap.com/pento/default/assets/img/home-three/team4.jpg]
[templates.hibootstrap.com/pento/default/assets/img/home-three/faq2.png]
[templates.hibootstrap.com/pento/default/assets/img/home-three/faq3.png]
[templates.hibootstrap.com/pento/default/assets/img/home-three/faq4.png]
[templates.hibootstrap.com/pento/default/assets/img/home-three/faq.jpg]
[templates.hibootstrap.com/pento/default/assets/img/home-three/review.png]
[templates.hibootstrap.com/pento/default/assets/img/home-one/blog1.jpg]
[templates.hibootstrap.com/pento/default/assets/img/home-one/blog1.png]
[templates.hibootstrap.com/pento/default/assets/img/home-one/blog2.jpg]
[templates.hibootstrap.com/pento/default/assets/img/home-one/blog2.png]
[templates.hibootstrap.com/pento/default/assets/img/home-one/blog3.jpg]
[templates.hibootstrap.com/pento/default/assets/img/home-one/blog3.png]
[templates.hibootstrap.com/pento/default/assets/img/logo-two.png]
[templates.hibootstrap.com/pento/default/assets/img/home-one/visa.jpg]
[templates.hibootstrap.com/pento/default/assets/img/home-one/master-card.jpg]
[templates.hibootstrap.com/pento/default/assets/img/home-one/paypal.jpg]
[templates.hibootstrap.com/pento/default/assets/img/home-one/skrill.jpg]
[templates.hibootstrap.com/pento/default/assets/img/home-one/master-card2.jpg]
[templates.hibootstrap.com/pento/default/assets/img/home-one/visa2.jpg]
[templates.hibootstrap.com/cdn-cgi/scripts/5c5dd728/cloudflare-static/email-decode.min.js]
[templates.hibootstrap.com/pento/default/assets/js/jquery-3.5.1.min.js]
[templates.hibootstrap.com/pento/default/assets/js/popper.min.js]
[templates.hibootstrap.com/pento/default/assets/js/bootstrap.min.js]
[templates.hibootstrap.com/pento/default/assets/js/jquery.magnific-popup.min.js]
[templates.hibootstrap.com/pento/default/assets/js/owl.carousel.min.js]
[templates.hibootstrap.com/pento/default/assets/js/jquery.nice-select.min.js]
[templates.hibootstrap.com/pento/default/assets/js/jquery.ajaxchimp.min.js]
[templates.hibootstrap.com/pento/default/assets/js/form-validator.min.js]
[templates.hibootstrap.com/pento/default/assets/js/contact-form-script.js]
[templates.hibootstrap.com/pento/default/assets/js/jquery.mixitup.min.js]
[templates.hibootstrap.com/pento/default/index-3.html]
[templates.hibootstrap.com/pento/default/assets/css/bootstrap.min.css]
[templates.hibootstrap.com/pento/default/assets/js/custom.js]
[templates.hibootstrap.com/pento/default/assets/fonts/boxicons.eot]
[templates.hibootstrap.com/pento/default/assets/fonts/boxicons.woff2]
[templates.hibootstrap.com/pento/default/assets/fonts/boxicons.ttf]
[templates.hibootstrap.com/pento/default/assets/fonts/boxicons.woff]
[templates.hibootstrap.com/pento/default/assets/css/boxicons.min.css]
[templates.hibootstrap.com/pento/default/assets/css/magnific-popup.css]
[templates.hibootstrap.com/pento/default/assets/css/owl.video.play.png]
[templates.hibootstrap.com/pento/default/assets/css/owl.carousel.min.css]
[templates.hibootstrap.com/pento/default/assets/css/owl.theme.default.min.css]
[templates.hibootstrap.com/pento/default/assets/css/nice-select.css]
[templates.hibootstrap.com/pento/default/assets/img/home-one/banner-main1.jpg]
[templates.hibootstrap.com/pento/default/assets/fonts/boxiconsd41d.svg]
[templates.hibootstrap.com/pento/default/assets/img/home-one/banner-main2.jpg]
[templates.hibootstrap.com/pento/default/assets/img/home-one/banner-main3.jpg]
[templates.hibootstrap.com/pento/default/assets/img/home-one/about.png]
[templates.hibootstrap.com/pento/default/assets/img/home-one/search-bg.jpg]
[templates.hibootstrap.com/pento/default/assets/img/home-one/faq-bg.jpg]
[templates.hibootstrap.com/pento/default/assets/img/home-one/contact.jpg]
[templates.hibootstrap.com/pento/default/assets/img/home-one/subscribe-bg.jpg]
[templates.hibootstrap.com/pento/default/assets/img/home-two/banner-slider1.jpg]
[templates.hibootstrap.com/pento/default/assets/img/home-two/banner-slider2.jpg]
[templates.hibootstrap.com/pento/default/assets/img/home-two/banner-slider3.jpg]
[templates.hibootstrap.com/pento/default/assets/img/home-two/house-bg.jpg]
[templates.hibootstrap.com/pento/default/assets/img/home-two/address-bg.png]
[templates.hibootstrap.com/pento/default/assets/img/home-two/fun.jpg]
[templates.hibootstrap.com/pento/default/assets/img/home-two/contact-bg.jpg]
[templates.hibootstrap.com/pento/default/assets/img/home-three/time-bg.png]
[templates.hibootstrap.com/pento/default/assets/img/home-three/among-bg.jpg]
[templates.hibootstrap.com/pento/default/assets/img/home-three/counter-bg.jpg]
[templates.hibootstrap.com/pento/default/assets/img/home-three/contact.jpg]
[templates.hibootstrap.com/pento/default/assets/img/home-three/join-bg.jpg]
[templates.hibootstrap.com/pento/default/assets/img/home-four/navbar-shape.png]
[templates.hibootstrap.com/pento/default/assets/img/home-four/banner-bg.jpg]
[templates.hibootstrap.com/pento/default/assets/img/home-four/quote-bg.jpg]
[templates.hibootstrap.com/pento/default/assets/img/home-four/step-bg.jpg]
[templates.hibootstrap.com/pento/default/assets/img/home-five/footer-bg.jpg]
[templates.hibootstrap.com/pento/default/assets/img/home-six/banner-bg.jpg]
[templates.hibootstrap.com/pento/default/assets/img/home-six/quote-bg.jpg]
[templates.hibootstrap.com/pento/default/assets/img/home-six/contact-bg.jpg]
[templates.hibootstrap.com/pento/default/assets/img/home-six/counter-bg.png]
[templates.hibootstrap.com/pento/default/assets/img/home-six/nearly-bg.jpg]
[templates.hibootstrap.com/pento/default/assets/img/home-six/nearly-main.jpg]
[templates.hibootstrap.com/pento/default/assets/img/home-six/loan-bg.jpg]
[templates.hibootstrap.com/pento/default/assets/img/home-six/sub-bg.png]
[templates.hibootstrap.com/pento/default/assets/css/style.css]
[templates.hibootstrap.com/pento/default/assets/css/responsive.css]
[templates.hibootstrap.com/pento/default/assets/img/home-one/banner-shape1.png]
[templates.hibootstrap.com/pento/default/assets/img/home-one/banner-shape2.png]
[templates.hibootstrap.com/pento/default/assets/img/home-one/banner-main-shape.png]
[templates.hibootstrap.com/pento/default/assets/img/home-one/about=sig.png]
[templates.hibootstrap.com/pento/default/assets/img/home-one/advisor.jpg]
[templates.hibootstrap.com/pento/default/assets/img/home-one/advisor2.jpg]
[templates.hibootstrap.com/pento/default/assets/img/home-one/advisor3.jpg]
[templates.hibootstrap.com/pento/default/assets/img/home-one/advisor4.jpg]
[templates.hibootstrap.com/pento/default/assets/img/home-one/advisor5.jpg]
[templates.hibootstrap.com/pento/default/assets/img/home-one/advisor6.jpg]
[templates.hibootstrap.com/pento/default/assets/img/home-one/help.png]
[templates.hibootstrap.com/pento/default/assets/img/home-one/among-one.jpg]
[templates.hibootstrap.com/pento/default/assets/img/home-one/among-two.jpg]
[templates.hibootstrap.com/pento/default/assets/img/home-one/among-three.jpg]
[templates.hibootstrap.com/pento/default/assets/img/home-one/search-man.png]
[templates.hibootstrap.com/pento/default/assets/img/home-one/team1.png]
[templates.hibootstrap.com/pento/default/assets/img/home-one/team2.png]
[templates.hibootstrap.com/pento/default/assets/img/home-one/team3.png]
[templates.hibootstrap.com/pento/default/assets/img/home-one/team4.png]
[templates.hibootstrap.com/pento/default/assets/img/home-one/faq-men.png]
[templates.hibootstrap.com/pento/default/assets/img/home-one/testimonial1.png]
[templates.hibootstrap.com/pento/default/assets/img/home-one/testimonial2.png]
[templates.hibootstrap.com/pento/default/assets/img/home-one/testimonial3.png]
[templates.hibootstrap.com/pento/default/index.html]
[templates.hibootstrap.com/pento/default/assets/fonts/boxiconsd41d.svg]
[templates.hibootstrap.com/pento/default/assets/css/owl.video.play.html]
